// Jest Snapshot v1, https://goo.gl/fbAQLP

exports[`The search bar component should render correctly 1`] = `ShallowWrapper {}`;
