// Jest Snapshot v1, https://goo.gl/fbAQLP

exports[`The gif wrapper component should render correctly 1`] = `ShallowWrapper {}`;
