// Jest Snapshot v1, https://goo.gl/fbAQLP

exports[`The result item component should render correctly 1`] = `ShallowWrapper {}`;
